[backblue.gif]
[fade.gif]
[index.html]
[maxcdn.bootstrapcdn.com/font-awesome/4.2.0/css/font-awesome.min.css]
[nit-it.com/locanda/images/logo.png]
[nit-it.com/locanda/images/slide1.jpg]
[nit-it.com/locanda/images/slide2.jpg]
[nit-it.com/locanda/images/slide3.jpg]
[nit-it.com/locanda/images/slide4.jpg]
[nit-it.com/locanda/images/box_img1.jpg]
[nit-it.com/locanda/images/zoom-icon.png]
[nit-it.com/locanda/images/box_img2.jpg]
[nit-it.com/locanda/images/box_img3.jpg]
[nit-it.com/locanda/images/acc_img2.jpg]
[nit-it.com/locanda/images/acc_img3.jpg]
[nit-it.com/locanda/images/acc_img1.jpg]
[nit-it.com/locanda/images/pic1.jpg]
[nit-it.com/locanda/images/zoom-icon2.png]
[nit-it.com/locanda/images/pic2.jpg]
[nit-it.com/locanda/images/pic3.jpg]
[nit-it.com/locanda/images/pic4.jpg]
[nit-it.com/locanda/images/pic5.jpg]
[nit-it.com/locanda/images/pic6.jpg]
[nit-it.com/locanda/images/news1.jpg]
[nit-it.com/locanda/images/gal_pic1.jpg]
[nit-it.com/locanda/images/gal_pic3.jpg]
[nit-it.com/locanda/images/gal_pic4.jpg]
[nit-it.com/locanda/images/gal_pic6.jpg]
[nit-it.com/locanda/js/jquery.min.js]
[code.jquery.com/jquery-migrate-1.2.1.min.js]
[nit-it.com/locanda/bootstrap/js/bootstrap.min.js]
[nit-it.com/locanda/js/style-switcher/colorpicker.js]
[nit-it.com/locanda/js/style-switcher/jquery.cookie.js]
[nit-it.com/locanda/js/style-switcher/styleswitch.js]
[nit-it.com/locanda/js/style-switcher/switcher.js]
[nit-it.com/locanda/js/jquery.customSelect.latest.min.js]
[nit-it.com/locanda/js/bootstrap-datepicker.js]
[nit-it.com/locanda/js/jquery-hoverIntent.js]
[nit-it.com/locanda/js/jquery.flexslider.js]
[nit-it.com/locanda/js/jquery.counterup.min.js]
[nit-it.com/locanda/js/waypoints.min.js]
[nit-it.com/locanda/js/jquery.prettyPhoto.js]
[nit-it.com/locanda/js/custom.js]
[nit-it.com/locanda/index.html]
[nit-it.com/locanda/bootstrap/fonts/glyphicons-halflings-regular.eot]
[nit-it.com/locanda/bootstrap/fonts/glyphicons-halflings-regulard41dd41dd41dd41d.eot]
[nit-it.com/locanda/bootstrap/fonts/glyphicons-halflings-regular.woff]
[nit-it.com/locanda/bootstrap/fonts/glyphicons-halflings-regular.ttf]
[nit-it.com/locanda/bootstrap/css/bootstrap.min.css]
[nit-it.com/locanda/images/colorpicker/colorpicker_background.png]
[nit-it.com/locanda/images/colorpicker/colorpicker_overlay.png]
[nit-it.com/locanda/images/colorpicker/colorpicker_select.gif]
[nit-it.com/locanda/images/colorpicker/colorpicker_indic.gif]
[nit-it.com/locanda/images/colorpicker/colorpicker_hex.png]
[nit-it.com/locanda/images/colorpicker/colorpicker_rgb_r.png]
[nit-it.com/locanda/images/colorpicker/colorpicker_rgb_g.png]
[nit-it.com/locanda/images/colorpicker/colorpicker_rgb_b.png]
[nit-it.com/locanda/images/colorpicker/colorpicker_hsb_h.png]
[nit-it.com/locanda/images/colorpicker/colorpicker_hsb_s.png]
[nit-it.com/locanda/images/colorpicker/colorpicker_hsb_b.png]
[nit-it.com/locanda/images/colorpicker/colorpicker_submit.png]
[nit-it.com/locanda/css/colorpicker.css]
[nit-it.com/locanda/images/colorpicker/select2.png]
[nit-it.com/locanda/css/style-switcher.css]
[nit-it.com/locanda/images/select-bg.png]
[nit-it.com/locanda/images/acc_bg.jpg]
[nit-it.com/locanda/images/address_bg.png]
[nit-it.com/locanda/css/style.css]
[nit-it.com/locanda/css/datepicker.css]
[maxcdn.bootstrapcdn.com/font-awesome/4.2.0/css/font-awesome.min.css]
[nit-it.com/locanda/css/hover-min.css]
[nit-it.com/locanda/css/flexslider.css]
[nit-it.com/locanda/images/prettyPhoto/default/sprite.png]
[nit-it.com/locanda/images/prettyPhoto/default/sprite_x.png]
[nit-it.com/locanda/images/prettyPhoto/default/sprite_y.png]
[nit-it.com/locanda/images/prettyPhoto/default/sprite_next.png]
[nit-it.com/locanda/images/prettyPhoto/default/sprite_prev.png]
[nit-it.com/locanda/images/prettyPhoto/default/default_thumb.png]
[nit-it.com/locanda/images/prettyPhoto/default/loader.gif]
[nit-it.com/locanda/images/prettyPhoto/light_rounded/sprite.png]
[nit-it.com/locanda/images/prettyPhoto/light_rounded/btnNext.png]
[nit-it.com/locanda/images/prettyPhoto/light_rounded/btnPrevious.png]
[nit-it.com/locanda/images/prettyPhoto/dark_rounded/sprite.png]
[nit-it.com/locanda/images/prettyPhoto/dark_rounded/contentPattern.png]
[nit-it.com/locanda/images/prettyPhoto/dark_rounded/btnNext.png]
[nit-it.com/locanda/images/prettyPhoto/dark_rounded/btnPrevious.png]
[nit-it.com/locanda/images/prettyPhoto/dark_rounded/loader.gif]
[nit-it.com/locanda/images/prettyPhoto/dark_square/loader.gif]
[nit-it.com/locanda/images/prettyPhoto/dark_square/sprite.png]
[nit-it.com/locanda/images/prettyPhoto/dark_square/btnNext.png]
[nit-it.com/locanda/images/prettyPhoto/dark_square/btnPrevious.png]
[nit-it.com/locanda/images/prettyPhoto/light_square/sprite.png]
[nit-it.com/locanda/images/prettyPhoto/light_square/btnNext.png]
[nit-it.com/locanda/images/prettyPhoto/light_square/btnPrevious.png]
[nit-it.com/locanda/images/prettyPhoto/facebook/sprite.png]
[nit-it.com/locanda/images/prettyPhoto/facebook/contentPatternTop.png]
[nit-it.com/locanda/images/prettyPhoto/facebook/contentPatternLeft.png]
[nit-it.com/locanda/images/prettyPhoto/facebook/contentPatternRight.png]
[nit-it.com/locanda/images/prettyPhoto/facebook/loader.gif]
[nit-it.com/locanda/images/prettyPhoto/facebook/btnNext.png]
[nit-it.com/locanda/images/prettyPhoto/facebook/btnPrevious.png]
[nit-it.com/locanda/images/prettyPhoto/facebook/contentPatternBottom.png]
[nit-it.com/locanda/images/prettyPhoto/facebook/default_thumbnail.gif]
[nit-it.com/locanda/images/prettyPhoto/light_rounded/loader.gif]
[nit-it.com/locanda/css/prettyPhoto.css]
[nit-it.com/locanda/images/loading.gif]
[nit-it.com/locanda/js/booking_form.js]
[nit-it.com/locanda/booking.html]
[nit-it.com/locanda/css/blue/images/logo.png]
[nit-it.com/locanda/css/blue/images/zoom-icon.png]
[nit-it.com/locanda/css/blue/images/zoom-icon2.png]
[nit-it.com/locanda/js/style-switcher/switcher2.js]
[nit-it.com/locanda/index-blue.html]
[nit-it.com/locanda/css/red/images/logo.png]
[nit-it.com/locanda/css/red/images/zoom-icon.png]
[nit-it.com/locanda/css/red/images/zoom-icon2.png]
[nit-it.com/locanda/index-red.html]
[nit-it.com/locanda/css/green/images/logo.png]
[nit-it.com/locanda/css/green/images/zoom-icon.png]
[nit-it.com/locanda/index-green.html]
[nit-it.com/locanda/css/green/images/zoom-icon2.png]
[nit-it.com/locanda/images/logo-white.png]
[nit-it.com/locanda/index-whiteheader.html]
[nit-it.com/locanda/index-boxed.html]
[nit-it.com/locanda/images/about.jpg]
[nit-it.com/locanda/about.html]
[nit-it.com/locanda/images/acc_img4.jpg]
[nit-it.com/locanda/images/acc_img6.jpg]
[nit-it.com/locanda/images/acc_img5.jpg]
[nit-it.com/locanda/accomodation.html]
[nit-it.com/locanda/images/fac-1.jpg]
[nit-it.com/locanda/images/fac-2.jpg]
[nit-it.com/locanda/images/fac-4.jpg]
[nit-it.com/locanda/images/fac-5.jpg]
[nit-it.com/locanda/images/fac-6.jpg]
[nit-it.com/locanda/facilities.html]
[nit-it.com/locanda/js/jquery.shuffle.min.js]
[nit-it.com/locanda/gallery.html]
[nit-it.com/locanda/images/blog_img1.jpg]
[nit-it.com/locanda/images/blog_img2.jpg]
[nit-it.com/locanda/blog.html]
[nit-it.com/locanda/js/contact_form.js]
[nit-it.com/locanda/contact.html]
[nit-it.com/locanda/images/restaurant_pic.jpg]
[nit-it.com/locanda/single-facilities.html]
[nit-it.com/locanda/images/room_pic8.jpg]
[nit-it.com/locanda/images/room_pic3.jpg]
[nit-it.com/locanda/images/room_pic4.jpg]
[nit-it.com/locanda/images/room_pic5.jpg]
[nit-it.com/locanda/images/room_pic6.jpg]
[nit-it.com/locanda/images/room_pic7.jpg]
[nit-it.com/locanda/images/room_pic10.jpg]
[nit-it.com/locanda/images/room_pic9.jpg]
[nit-it.com/locanda/images/room_pic11.jpg]
[nit-it.com/locanda/lightslider/js/jquery.lightSlider.js]
[nit-it.com/locanda/single-room.html]
[nit-it.com/locanda/blog-single.html]
[code.jquery.com/jquery-migrate-1.2.1.min.js]
[nit-it.com/locanda/bootstrap/fonts/glyphicons-halflings-regular.svg]
[nit-it.com/locanda/images/pattern-pixel.html]
[nit-it.com/locanda/css/fonts/flexslider-icon.html]
[nit-it.com/locanda/css/fonts/flexslider-icond41d.html]
[nit-it.com/locanda/css/fonts/flexslider-icon-2.html]
[nit-it.com/locanda/css/fonts/flexslider-icon-3.html]
[nit-it.com/locanda/css/fonts/flexslider-icon-4.html]
[nit-it.com/locanda/css/blue/style.css]
[nit-it.com/locanda/css/red/style.css]
[nit-it.com/locanda/css/green/style.css]
[nit-it.com/locanda/lightslider/img/controls.png]
[nit-it.com/locanda/lightslider/css/lightslider.css]
